
> karthub@0.0.0 build
> vite build

[36mvite v7.3.2 [32mbuilding client environment for production...[36m[39m
transforming...
node.exe : 
At line:1 char:1
+ & "C:\Program Files\nodejs/node.exe" "C:\Program Files\nodejs/node_mo ...
+ ~~~~~~~~~~~~~~~~~~~~~~~~~~~~~~~~~~~~~~~~~~~~~~~~~~~~~~~~~~~~~~~~~~~~~
    + CategoryInfo          : NotSpecified: (:String) [], RemoteException
    + FullyQualifiedErrorId : NativeCommandError
 
new URL('@/assets/editor/blue seat.png', import.meta.url) doesn't exist at 
build time, it will remain unchanged to be resolved at runtime. If this is 
intended, you can use the /* @vite-ignore */ comment to suppress this warning.

new URL('@/assets/editor/frame.png', import.meta.url) doesn't exist at build 
time, it will remain unchanged to be resolved at runtime. If this is intended, 
you can use the /* @vite-ignore */ comment to suppress this warning.
[32mΓ£ô[39m 439 modules transformed.
rendering chunks...
computing gzip size...
[2mdist/[22m[32mindex.html                                          [39m[1m[2m    1.22 kB[22m[1m[22m[2m Γöé gzip:  0.52 kB[22m
[2mdist/[22m[32massets/otk-front-brake-system-C6RcTVaw.jpg          [39m[1m[2m    5.90 kB[22m[1m[22m
[2mdist/[22m[32massets/Predator 212cc Engine-pDMMcMzE.jpg           [39m[1m[2m   10.18 kB[22m[1m[22m
[2mdist/[22m[32massets/tony-kart-frame-401r-DOqV1J8f.jpg            [39m[1m[2m   16.88 kB[22m[1m[22m
[2mdist/[22m[32massets/Birel ART Brake System-BASjlWhc.jpg          [39m[1m[2m   18.58 kB[22m[1m[22m
[2mdist/[22m[32massets/omp-ks2-seat-BhEIYLyN.jpg                    [39m[1m[2m   23.45 kB[22m[1m[22m
[2mdist/[22m[32massets/rotax-125-max-engine-DGrxjpv1.jpg            [39m[1m[2m   42.11 kB[22m[1m[22m
[2mdist/[22m[32massets/tillett-t11-seat-D7Suwk29.jpg                [39m[1m[2m   56.80 kB[22m[1m[22m
[2mdist/[22m[32massets/street-kart-model-CmWHRIkG.jpg               [39m[1m[2m   65.08 kB[22m[1m[22m
[2mdist/[22m[32massets/otk-steering-wheel-CfQk6LZ1.jpg              [39m[1m[2m   67.02 kB[22m[1m[22m
[2mdist/[22m[32massets/AlveyTech Seat-BdqJGW6x.jpg                  [39m[1m[2m   68.72 kB[22m[1m[22m
[2mdist/[22m[32massets/crg-black-steel-frame-DI75OyVm.jpg           [39m[1m[2m   84.14 kB[22m[1m[22m
[2mdist/[22m[32massets/Wilwood 120-5750 Brake Caliper-BsHumJuw.jpg  [39m[1m[2m   98.88 kB[22m[1m[22m
[2mdist/[22m[32massets/Jecko-x-light-standard-seat-DuEIxYq6.jpg     [39m[1m[2m  110.32 kB[22m[1m[22m
[2mdist/[22m[32massets/TPP-212EE Engine-VPXoPFlx.jpg                [39m[1m[2m  149.12 kB[22m[1m[22m
[2mdist/[22m[32massets/otk-steering-wheel-BUgehhO0.png              [39m[1m[2m  160.26 kB[22m[1m[22m
[2mdist/[22m[32massets/iame-x30-engine-ha88CjPa.jpg                 [39m[1m[2m  162.14 kB[22m[1m[22m
[2mdist/[22m[32massets/NEK Carbon Seat-BXptLvBG.jpg                 [39m[1m[2m  170.62 kB[22m[1m[22m
[2mdist/[22m[32massets/brembo-rear-caliper-9QaqED-K.jpg             [39m[1m[2m  172.88 kB[22m[1m[22m
[2mdist/[22m[32massets/daily-kart-model-DF3jyAIM.png                [39m[1m[2m  175.73 kB[22m[1m[22m
[2mdist/[22m[32massets/CGR V04 Brake Caliper-DCMWWVZE.jpg           [39m[1m[2m  182.34 kB[22m[1m[22m
[2mdist/[22m[32massets/Bolt Sterring Wheel-C1QTzpye.jpg             [39m[1m[2m  204.69 kB[22m[1m[22m
[2mdist/[22m[32massets/vega-xh-tires-DmGL_HCe.jpg                   [39m[1m[2m  242.77 kB[22m[1m[22m
[2mdist/[22m[32massets/mg-yellow-slick-tires-BkHanEc5.jpg           [39m[1m[2m  255.05 kB[22m[1m[22m
[2mdist/[22m[32massets/junior-kart-model-BpynR4bw.jpg               [39m[1m[2m  278.50 kB[22m[1m[22m
[2mdist/[22m[32massets/race-kart-model-CXcuAztG.png                 [39m[1m[2m  315.90 kB[22m[1m[22m
[2mdist/[22m[32massets/mychron-column-kit-KeGyTn0H.jpg              [39m[1m[2m  362.88 kB[22m[1m[22m
[2mdist/[22m[32massets/materialdesignicons-webfont-Dp5v-WZN.woff2   [39m[1m[2m  403.22 kB[22m[1m[22m
[2mdist/[22m[32massets/materialdesignicons-webfont-PXm3-2wK.woff    [39m[1m[2m  587.98 kB[22m[1m[22m
[2mdist/[22m[32massets/cross-kart-custom-BSOKIraH.jpg               [39m[1m[2m  684.39 kB[22m[1m[22m
[2mdist/[22m[32massets/X30-Super-Shifter Engine-Citeon9N.jpg        [39m[1m[2m  954.91 kB[22m[1m[22m
[2mdist/[22m[32massets/yellow wheels-b5pDxOhH.png                   [39m[1m[2m1,305.24 kB[22m[1m[22m
[2mdist/[22m[32massets/materialdesignicons-webfont-B7mPwVP_.ttf     [39m[1m[2m1,307.66 kB[22m[1m[22m
[2mdist/[22m[32massets/materialdesignicons-webfont-CSr8KVlo.eot     [39m[1m[2m1,307.88 kB[22m[1m[22m
[2mdist/[22m[32massets/pro-kart-custom-3hk1pDDe.webp                [39m[1m[2m1,443.72 kB[22m[1m[22m
[2mdist/[22m[32massets/cross kart-CEPqzenz.png                      [39m[1m[2m1,909.18 kB[22m[1m[22m
[2mdist/[22m[32massets/about-karthub-hero-2-U2lyzo4n.png            [39m[1m[2m2,827.21 kB[22m[1m[22m
[2mdist/[22m[35massets/profile-4u8POLbr.css                         [39m[1m[2m    0.18 kB[22m[1m[22m[2m Γöé gzip:  0.17 kB[22m
[2mdist/[22m[35massets/posts-Dx0N3YXB.css                           [39m[1m[2m    0.20 kB[22m[1m[22m[2m Γöé gzip:  0.16 kB[22m
[2mdist/[22m[35massets/parts-DWujg0dN.css                           [39m[1m[2m    0.23 kB[22m[1m[22m[2m Γöé gzip:  0.17 kB[22m
[2mdist/[22m[35massets/VSpacer-CUUNux24.css                         [39m[1m[2m    0.35 kB[22m[1m[22m[2m Γöé gzip:  0.19 kB[22m
[2mdist/[22m[35massets/VCheckbox-CQam1h34.css                       [39m[1m[2m    0.44 kB[22m[1m[22m[2m Γöé gzip:  0.24 kB[22m
[2mdist/[22m[35massets/VLayout-D_AhUdF-.css                         [39m[1m[2m    0.46 kB[22m[1m[22m[2m Γöé gzip:  0.25 kB[22m
[2mdist/[22m[35massets/categories-B51XfpZL.css                      [39m[1m[2m    0.50 kB[22m[1m[22m[2m Γöé gzip:  0.22 kB[22m
[2mdist/[22m[35massets/checkout-CWXZx5Lw.css                        [39m[1m[2m    0.61 kB[22m[1m[22m[2m Γöé gzip:  0.29 kB[22m
[2mdist/[22m[35massets/VContainer-C1mjuims.css                      [39m[1m[2m    0.73 kB[22m[1m[22m[2m Γöé gzip:  0.33 kB[22m
[2mdist/[22m[35massets/VAppBar-D3INsuhc.css                         [39m[1m[2m    0.82 kB[22m[1m[22m[2m Γöé gzip:  0.36 kB[22m
[2mdist/[22m[35massets/about-DI6rZTy7.css                           [39m[1m[2m    0.83 kB[22m[1m[22m[2m Γöé gzip:  0.40 kB[22m
[2mdist/[22m[35massets/builder-BJV25a76.css                         [39m[1m[2m    0.83 kB[22m[1m[22m[2m Γöé gzip:  0.37 kB[22m
[2mdist/[22m[35massets/VMain-BylsKOSP.css                           [39m[1m[2m    0.92 kB[22m[1m[22m[2m Γöé gzip:  0.41 kB[22m
[2mdist/[22m[35massets/VMenu-B50bYkpO.css                           [39m[1m[2m    0.97 kB[22m[1m[22m[2m Γöé gzip:  0.37 kB[22m
[2mdist/[22m[35massets/VTooltip-llESoooZ.css                        [39m[1m[2m    0.98 kB[22m[1m[22m[2m Γöé gzip:  0.45 kB[22m
[2mdist/[22m[35massets/VSheet-KE5lrUi-.css                          [39m[1m[2m    1.04 kB[22m[1m[22m[2m Γöé gzip:  0.41 kB[22m
[2mdist/[22m[35massets/VOverlay-BHIzM6g9.css                        [39m[1m[2m    1.17 kB[22m[1m[22m[2m Γöé gzip:  0.45 kB[22m
[2mdist/[22m[35massets/VRating-Dh_4Ah0i.css                         [39m[1m[2m    1.23 kB[22m[1m[22m[2m Γöé gzip:  0.53 kB[22m
[2mdist/[22m[35massets/create-post-DT0fEFm2.css                     [39m[1m[2m    1.88 kB[22m[1m[22m[2m Γöé gzip:  0.71 kB[22m
[2mdist/[22m[35massets/VDivider-BkzsMWSV.css                        [39m[1m[2m    1.88 kB[22m[1m[22m[2m Γöé gzip:  0.58 kB[22m
[2mdist/[22m[35massets/VTextarea-BMcLnJW6.css                       [39m[1m[2m    1.92 kB[22m[1m[22m[2m Γöé gzip:  0.59 kB[22m
[2mdist/[22m[35massets/index-B-IwABlV.css                           [39m[1m[2m    1.95 kB[22m[1m[22m[2m Γöé gzip:  0.71 kB[22m
[2mdist/[22m[35massets/VSelect-B7wyubIR.css                         [39m[1m[2m    2.27 kB[22m[1m[22m[2m Γöé gzip:  0.81 kB[22m
[2mdist/[22m[35massets/VSelectionControl-BegGLkXf.css               [39m[1m[2m    2.67 kB[22m[1m[22m[2m Γöé gzip:  0.76 kB[22m
[2mdist/[22m[35massets/VDialog-BEM_jlEq.css                         [39m[1m[2m    3.04 kB[22m[1m[22m[2m Γöé gzip:  0.74 kB[22m
[2mdist/[22m[35massets/VToolbar-C-SfQVrb.css                        [39m[1m[2m    3.23 kB[22m[1m[22m[2m Γöé gzip:  0.99 kB[22m
[2mdist/[22m[35massets/VSnackbar-w1e8BKnX.css                       [39m[1m[2m    3.62 kB[22m[1m[22m[2m Γöé gzip:  1.13 kB[22m
[2mdist/[22m[35massets/VAvatar-SxH3Yh0E.css                         [39m[1m[2m    4.01 kB[22m[1m[22m[2m Γöé gzip:  1.16 kB[22m
[2mdist/[22m[35massets/default-GaVhS3C8.css                         [39m[1m[2m    5.03 kB[22m[1m[22m[2m Γöé gzip:  1.54 kB[22m
[2mdist/[22m[35massets/VAlert-S2Xw0XWx.css                          [39m[1m[2m    5.08 kB[22m[1m[22m[2m Γöé gzip:  1.36 kB[22m
[2mdist/[22m[35massets/supplier-panel-DOfqb1Kz.css                  [39m[1m[2m    5.40 kB[22m[1m[22m[2m Γöé gzip:  1.22 kB[22m
[2mdist/[22m[35massets/VExpansionPanels-gGM878wa.css                [39m[1m[2m    6.80 kB[22m[1m[22m[2m Γöé gzip:  1.34 kB[22m
[2mdist/[22m[35massets/VCard-CbvH2HFs.css                           [39m[1m[2m    7.11 kB[22m[1m[22m[2m Γöé gzip:  1.66 kB[22m
[2mdist/[22m[35massets/VTabs-UPuMb8As.css                           [39m[1m[2m    7.28 kB[22m[1m[22m[2m Γöé gzip:  1.61 kB[22m
[2mdist/[22m[35massets/VRow-DWCMluY9.css                            [39m[1m[2m    9.43 kB[22m[1m[22m[2m Γöé gzip:  1.33 kB[22m
[2mdist/[22m[35massets/VChip-pwInyt-0.css                           [39m[1m[2m   12.40 kB[22m[1m[22m[2m Γöé gzip:  2.19 kB[22m
[2mdist/[22m[35massets/VDataTable-Dfa5ZI-0.css                      [39m[1m[2m   13.10 kB[22m[1m[22m[2m Γöé gzip:  2.09 kB[22m
[2mdist/[22m[35massets/VTimeline-BQA-uF12.css                       [39m[1m[2m   16.35 kB[22m[1m[22m[2m Γöé gzip:  1.81 kB[22m
[2mdist/[22m[35massets/VList-DEiFt6nx.css                           [39m[1m[2m   16.60 kB[22m[1m[22m[2m Γöé gzip:  2.78 kB[22m
[2mdist/[22m[35massets/VBtn-ySu40IT1.css                            [39m[1m[2m   22.51 kB[22m[1m[22m[2m Γöé gzip:  4.06 kB[22m
[2mdist/[22m[35massets/autofocus-D8ruj2eL.css                       [39m[1m[2m   24.81 kB[22m[1m[22m[2m Γöé gzip:  3.90 kB[22m
[2mdist/[22m[35massets/index-dkmTbZKU.css                           [39m[1m[2m  584.15 kB[22m[1m[22m[2m Γöé gzip: 83.07 kB[22m
[2mdist/[22m[36massets/_plugin-vue_export-helper-DlAUqK2U.js        [39m[1m[2m    0.09 kB[22m[1m[22m[2m Γöé gzip:  0.10 kB[22m
[2mdist/[22m[36massets/VSpacer-sy1yymPV.js                          [39m[1m[2m    0.10 kB[22m[1m[22m[2m Γöé gzip:  0.11 kB[22m
[2mdist/[22m[36massets/ssrBoot-DxjSI_EY.js                          [39m[1m[2m    0.25 kB[22m[1m[22m[2m Γöé gzip:  0.21 kB[22m
[2mdist/[22m[36massets/VAppBarTitle-CbBXj0mJ.js                     [39m[1m[2m    0.27 kB[22m[1m[22m[2m Γöé gzip:  0.22 kB[22m
[2mdist/[22m[36massets/lazy-DiOL8kxm.js                             [39m[1m[2m    0.29 kB[22m[1m[22m[2m Γöé gzip:  0.22 kB[22m
[2mdist/[22m[36massets/VContainer-C7PKVBa4.js                       [39m[1m[2m    0.47 kB[22m[1m[22m[2m Γöé gzip:  0.33 kB[22m
[2mdist/[22m[36massets/VLayout-DdpBZao3.js                          [39m[1m[2m    0.53 kB[22m[1m[22m[2m Γöé gzip:  0.35 kB[22m
[2mdist/[22m[36massets/VMain-CUTtL5Vw.js                            [39m[1m[2m    0.67 kB[22m[1m[22m[2m Γöé gzip:  0.41 kB[22m
[2mdist/[22m[36massets/user-qmY4tcuy.js                             [39m[1m[2m    0.73 kB[22m[1m[22m[2m Γöé gzip:  0.40 kB[22m
[2mdist/[22m[36massets/save-DdylhJRV.js                             [39m[1m[2m    0.73 kB[22m[1m[22m[2m Γöé gzip:  0.41 kB[22m
[2mdist/[22m[36massets/delete-YcXSXTCF.js                           [39m[1m[2m    0.76 kB[22m[1m[22m[2m Γöé gzip:  0.42 kB[22m
[2mdist/[22m[36massets/VSheet-C3ozKKjs.js                           [39m[1m[2m    0.79 kB[22m[1m[22m[2m Γöé gzip:  0.45 kB[22m
[2mdist/[22m[36massets/order-B0IVGORU.js                            [39m[1m[2m    0.80 kB[22m[1m[22m[2m Γöé gzip:  0.46 kB[22m
[2mdist/[22m[36massets/scopeId-Ct02epuO.js                          [39m[1m[2m    0.84 kB[22m[1m[22m[2m Γöé gzip:  0.45 kB[22m
[2mdist/[22m[36massets/warning-Btp7Wsou.js                          [39m[1m[2m    0.98 kB[22m[1m[22m[2m Γöé gzip:  0.51 kB[22m
[2mdist/[22m[36massets/design-Cn11Yro7.js                           [39m[1m[2m    1.00 kB[22m[1m[22m[2m Γöé gzip:  0.54 kB[22m
[2mdist/[22m[36massets/supplier-Ha7q3T8x.js                         [39m[1m[2m    1.07 kB[22m[1m[22m[2m Γöé gzip:  0.53 kB[22m
[2mdist/[22m[36massets/VCheckbox-CNc7mm06.js                        [39m[1m[2m    1.10 kB[22m[1m[22m[2m Γöé gzip:  0.63 kB[22m
[2mdist/[22m[36massets/app-rhpmXOdZ.js                              [39m[1m[2m    1.39 kB[22m[1m[22m[2m Γöé gzip:  0.63 kB[22m
[2mdist/[22m[36massets/xp-level-up-DRGw5hrR.js                      [39m[1m[2m    1.47 kB[22m[1m[22m[2m Γöé gzip:  0.85 kB[22m
[2mdist/[22m[36massets/VTooltip-CJhV5-qm.js                         [39m[1m[2m    1.66 kB[22m[1m[22m[2m Γöé gzip:  0.88 kB[22m
[2mdist/[22m[36massets/VDivider-DVODS6dk.js                         [39m[1m[2m    1.76 kB[22m[1m[22m[2m Γöé gzip:  0.83 kB[22m
[2mdist/[22m[36massets/VDialog-DqruWucT.js                          [39m[1m[2m    1.78 kB[22m[1m[22m[2m Γöé gzip:  0.92 kB[22m
[2mdist/[22m[36massets/post-DMA-ihMh.js                             [39m[1m[2m    1.81 kB[22m[1m[22m[2m Γöé gzip:  0.71 kB[22m
[2mdist/[22m[36massets/categories-DX7uo1-e.js                       [39m[1m[2m    2.06 kB[22m[1m[22m[2m Γöé gzip:  0.96 kB[22m
[2mdist/[22m[36massets/category-detail-BCfa4An7.js                  [39m[1m[2m    2.38 kB[22m[1m[22m[2m Γöé gzip:  1.08 kB[22m
[2mdist/[22m[36massets/dialog-transition-DCbcYNUx.js                [39m[1m[2m    2.45 kB[22m[1m[22m[2m Γöé gzip:  1.12 kB[22m
[2mdist/[22m[36massets/part-description-CLSbcncW.js                 [39m[1m[2m    2.62 kB[22m[1m[22m[2m Γöé gzip:  1.20 kB[22m
[2mdist/[22m[36massets/VRow-WM9DL3DS.js                             [39m[1m[2m    2.79 kB[22m[1m[22m[2m Γöé gzip:  1.08 kB[22m
[2mdist/[22m[36massets/VMenu-CarkP9hw.js                            [39m[1m[2m    2.94 kB[22m[1m[22m[2m Γöé gzip:  1.42 kB[22m
[2mdist/[22m[36massets/VToolbar-BmsmOr-I.js                         [39m[1m[2m    3.08 kB[22m[1m[22m[2m Γöé gzip:  1.25 kB[22m
[2mdist/[22m[36massets/VAlert-COZjSYgH.js                           [39m[1m[2m    3.21 kB[22m[1m[22m[2m Γöé gzip:  1.46 kB[22m
[2mdist/[22m[36massets/rating-card-DzG_KxJT.js                      [39m[1m[2m    3.24 kB[22m[1m[22m[2m Γöé gzip:  1.41 kB[22m
[2mdist/[22m[36massets/forwardRefs-CAg8bITw.js                      [39m[1m[2m    3.40 kB[22m[1m[22m[2m Γöé gzip:  1.30 kB[22m
[2mdist/[22m[36massets/VSnackbar-CxLAfwXU.js                        [39m[1m[2m    3.44 kB[22m[1m[22m[2m Γöé gzip:  1.68 kB[22m
[2mdist/[22m[36massets/event-D4pjTw8K.js                            [39m[1m[2m    3.57 kB[22m[1m[22m[2m Γöé gzip:  1.49 kB[22m
[2mdist/[22m[36massets/karts-DVx2_e3i.js                            [39m[1m[2m    3.61 kB[22m[1m[22m[2m Γöé gzip:  1.59 kB[22m
[2mdist/[22m[36massets/VRating-DLbOR-IK.js                          [39m[1m[2m    3.73 kB[22m[1m[22m[2m Γöé gzip:  1.63 kB[22m
[2mdist/[22m[36massets/index-BaIUNsNi.js                            [39m[1m[2m    3.76 kB[22m[1m[22m[2m Γöé gzip:  1.22 kB[22m
[2mdist/[22m[36massets/VTextField-cfXBQQus.js                       [39m[1m[2m    3.98 kB[22m[1m[22m[2m Γöé gzip:  1.81 kB[22m
[2mdist/[22m[36massets/layout-TWVCvLY1.js                           [39m[1m[2m    4.26 kB[22m[1m[22m[2m Γöé gzip:  1.89 kB[22m
[2mdist/[22m[36massets/VAppBar-KUrbKgMX.js                          [39m[1m[2m    4.34 kB[22m[1m[22m[2m Γöé gzip:  1.81 kB[22m
[2mdist/[22m[36massets/VTimeline-WwanpKHX.js                        [39m[1m[2m    4.36 kB[22m[1m[22m[2m Γöé gzip:  1.56 kB[22m
[2mdist/[22m[36massets/post-detail-DKXdup1j.js                      [39m[1m[2m    4.70 kB[22m[1m[22m[2m Γöé gzip:  1.84 kB[22m
[2mdist/[22m[36massets/VSelectionControl-UcqSGHB4.js                [39m[1m[2m    4.95 kB[22m[1m[22m[2m Γöé gzip:  1.85 kB[22m
[2mdist/[22m[36massets/cart-9MZq7YeZ.js                             [39m[1m[2m    4.96 kB[22m[1m[22m[2m Γöé gzip:  1.95 kB[22m
[2mdist/[22m[36massets/VExpansionPanels-vHNa67I1.js                 [39m[1m[2m    4.97 kB[22m[1m[22m[2m Γöé gzip:  1.79 kB[22m
[2mdist/[22m[36massets/part_1-ZruuMY0P.js                           [39m[1m[2m    5.20 kB[22m[1m[22m[2m Γöé gzip:  1.90 kB[22m
[2mdist/[22m[36massets/VCard-DlqiwcPR.js                            [39m[1m[2m    5.24 kB[22m[1m[22m[2m Γöé gzip:  1.83 kB[22m
[2mdist/[22m[36massets/VTextarea-Dy0cWRnY.js                        [39m[1m[2m    5.40 kB[22m[1m[22m[2m Γöé gzip:  2.28 kB[22m
[2mdist/[22m[36massets/part-detail-Duhym1s-.js                      [39m[1m[2m    6.50 kB[22m[1m[22m[2m Γöé gzip:  2.36 kB[22m
[2mdist/[22m[36massets/VAvatar-CdWnO0P0.js                          [39m[1m[2m    7.23 kB[22m[1m[22m[2m Γöé gzip:  2.84 kB[22m
[2mdist/[22m[36massets/builds-4-gAjJBx.js                           [39m[1m[2m    8.04 kB[22m[1m[22m[2m Γöé gzip:  2.99 kB[22m
[2mdist/[22m[36massets/posts-CUamv-UF.js                            [39m[1m[2m    8.07 kB[22m[1m[22m[2m Γöé gzip:  3.04 kB[22m
[2mdist/[22m[36massets/about-GpwgdE-6.js                            [39m[1m[2m    8.19 kB[22m[1m[22m[2m Γöé gzip:  2.88 kB[22m
[2mdist/[22m[36massets/mockdata-BoiDa4rq.js                         [39m[1m[2m    8.25 kB[22m[1m[22m[2m Γöé gzip:  2.46 kB[22m
[2mdist/[22m[36massets/login-CFhP0tmW.js                            [39m[1m[2m    8.70 kB[22m[1m[22m[2m Γöé gzip:  2.76 kB[22m
[2mdist/[22m[36massets/events-BYVzF6bF.js                           [39m[1m[2m    8.75 kB[22m[1m[22m[2m Γöé gzip:  2.89 kB[22m
[2mdist/[22m[36massets/checkout-pfCXQkN0.js                         [39m[1m[2m    9.97 kB[22m[1m[22m[2m Γöé gzip:  3.48 kB[22m
[2mdist/[22m[36massets/VChip-CNac7b4j.js                            [39m[1m[2m   10.76 kB[22m[1m[22m[2m Γöé gzip:  3.98 kB[22m
[2mdist/[22m[36massets/categories-BBdK_Bks.js                       [39m[1m[2m   10.90 kB[22m[1m[22m[2m Γöé gzip:  3.44 kB[22m
[2mdist/[22m[36massets/my-designs-0Yxkgl6b.js                       [39m[1m[2m   10.91 kB[22m[1m[22m[2m Γöé gzip:  3.60 kB[22m
[2mdist/[22m[36massets/create-post-DPETTRT2.js                      [39m[1m[2m   11.15 kB[22m[1m[22m[2m Γöé gzip:  4.12 kB[22m
[2mdist/[22m[36massets/index-CNEYr_HA.js                            [39m[1m[2m   11.69 kB[22m[1m[22m[2m Γöé gzip:  3.73 kB[22m
[2mdist/[22m[36massets/parts-C9xrRddi.js                            [39m[1m[2m   12.13 kB[22m[1m[22m[2m Γöé gzip:  4.01 kB[22m
[2mdist/[22m[36massets/VTabs-Dg0Xsm8i.js                            [39m[1m[2m   12.48 kB[22m[1m[22m[2m Γöé gzip:  4.71 kB[22m
[2mdist/[22m[36massets/admin-DZ8DnoCN.js                            [39m[1m[2m   12.84 kB[22m[1m[22m[2m Γöé gzip:  3.65 kB[22m
[2mdist/[22m[36massets/autofocus-vaY3LYFp.js                        [39m[1m[2m   14.44 kB[22m[1m[22m[2m Γöé gzip:  5.25 kB[22m
[2mdist/[22m[36massets/profile-syf_L4Hs.js                          [39m[1m[2m   14.78 kB[22m[1m[22m[2m Γöé gzip:  4.53 kB[22m
[2mdist/[22m[36massets/builder-Anzpxzt8.js                          [39m[1m[2m   15.30 kB[22m[1m[22m[2m Γöé gzip:  5.15 kB[22m
[2mdist/[22m[36massets/default-zH4fDV5g.js                          [39m[1m[2m   16.84 kB[22m[1m[22m[2m Γöé gzip:  6.26 kB[22m
[2mdist/[22m[36massets/supplier-panel-BjXII7UD.js                   [39m[1m[2m   19.72 kB[22m[1m[22m[2m Γöé gzip:  5.91 kB[22m
[2mdist/[22m[36massets/VSelect-w3iGeimv.js                          [39m[1m[2m   19.79 kB[22m[1m[22m[2m Γöé gzip:  7.74 kB[22m
[2mdist/[22m[36massets/VOverlay-TP5v-7uO.js                         [39m[1m[2m   23.01 kB[22m[1m[22m[2m Γöé gzip:  8.10 kB[22m
[2mdist/[22m[36massets/VList-ACottQhN.js                            [39m[1m[2m   26.44 kB[22m[1m[22m[2m Γöé gzip:  8.45 kB[22m
[2mdist/[22m[36massets/VBtn-DjFfMPzn.js                             [39m[1m[2m   31.38 kB[22m[1m[22m[2m Γöé gzip: 10.58 kB[22m
[2mdist/[22m[36massets/VDataTable-lSFK6YPQ.js                       [39m[1m[2m   38.83 kB[22m[1m[22m[2m Γöé gzip: 12.44 kB[22m
[2mdist/[22m[36massets/index-CA1rbWBw.js                            [39m[1m[2m  170.25 kB[22m[1m[22m[2m Γöé gzip: 64.95 kB[22m
[32mΓ£ô built in 13.02s[39m
